<?xml version="1.0" encoding="UTF-8"?>
<TestRun id="68b3a93f-d5bb-4bdd-b8b2-f61e79278110" name="Mahesh@MAHESH-PC 2014-08-23 15:01:59" runUser="Mahesh-PC\Mahesh" xmlns="http://microsoft.com/schemas/VisualStudio/TeamTest/2010">
  <TestSettings name="Local" id="af669413-876e-4c9c-addc-5ada33b1b9d2">
    <Description>These are default test settings for a local test run.</Description>
    <Deployment enabled="false" runDeploymentRoot="Mahesh_MAHESH-PC 2014-08-23 15_01_59" />
    <Execution>
      <TestTypeSpecific />
      <AgentRule name="Execution Agents">
      </AgentRule>
    </Execution>
  </TestSettings>
  <Times creation="2014-08-23T15:01:59.5265382+01:00" queuing="2014-08-23T15:02:02.7245438+01:00" start="2014-08-23T15:02:02.8805441+01:00" finish="2014-08-23T15:02:04.1129463+01:00" />
  <ResultSummary outcome="Completed">
    <Counters total="1" executed="1" passed="1" error="0" failed="0" timeout="0" aborted="0" inconclusive="0" passedButRunAborted="0" notRunnable="0" notExecuted="0" disconnected="0" warning="0" completed="0" inProgress="0" pending="0" />
  </ResultSummary>
  <TestDefinitions>
    <UnitTest name="TestMethod1" storage="c:\users\mahesh\documents\visual studio 2010\projects\mariecurietests\mariecurietests\bin\debug\mariecurietests.dll" id="eb107ff5-cd15-8a88-606d-a0165713f869">
      <Execution id="a26afeb5-5d7c-40f9-ac73-7a67d270a58d" />
      <TestMethod codeBase="C:/Users/Mahesh/Documents/Visual Studio 2010/Projects/MarieCurieTests/MarieCurieTests/bin/Debug/MarieCurieTests.DLL" adapterTypeName="Microsoft.VisualStudio.TestTools.TestTypes.Unit.UnitTestAdapter, Microsoft.VisualStudio.QualityTools.Tips.UnitTest.Adapter, Version=10.0.0.0, Culture=neutral, PublicKeyToken=b03f5f7f11d50a3a" className="MarieCurieTests.UnitTest1, MarieCurieTests, Version=1.0.0.0, Culture=neutral, PublicKeyToken=null" name="TestMethod1" />
    </UnitTest>
  </TestDefinitions>
  <TestLists>
    <TestList name="Results Not in a List" id="8c84fa94-04c1-424b-9868-57a2d4851a1d" />
    <TestList name="All Loaded Results" id="19431567-8539-422a-85d7-44ee4e166bda" />
  </TestLists>
  <TestEntries>
    <TestEntry testId="eb107ff5-cd15-8a88-606d-a0165713f869" executionId="a26afeb5-5d7c-40f9-ac73-7a67d270a58d" testListId="8c84fa94-04c1-424b-9868-57a2d4851a1d" />
  </TestEntries>
  <Results>
    <UnitTestResult executionId="a26afeb5-5d7c-40f9-ac73-7a67d270a58d" testId="eb107ff5-cd15-8a88-606d-a0165713f869" testName="TestMethod1" computerName="MAHESH-PC" duration="00:00:00.0157251" startTime="2014-08-23T15:02:02.9741443+01:00" endTime="2014-08-23T15:02:03.9881461+01:00" testType="13cdc9d9-ddb5-4fa4-a97d-d965ccfc6d4b" outcome="Passed" testListId="8c84fa94-04c1-424b-9868-57a2d4851a1d" relativeResultsDirectory="a26afeb5-5d7c-40f9-ac73-7a67d270a58d">
      <Output>
        <DebugTrace>Git Testing
</DebugTrace>
      </Output>
    </UnitTestResult>
  </Results>
</TestRun>